// Jest Snapshot v1, https://goo.gl/fbAQLP

exports[`Pruebas en <SearchPage /> debe de mostrarse correactamente con valores por defecto 1`] = `
<div>
  <h1>
     Search Hero 
  </h1>
  <hr />
  <div
    class="row"
  >
    <div
      class="col-md-5 mb-3"
    >
      <h4>
         Searching 
      </h4>
      <hr />
      <form>
        <input
          class="form-control"
          name="searchText"
          placeholder="Search ahero"
          type="text"
          value=""
        />
      </form>
      <button
        class="btn btn-outline-primary mt-2"
      >
         Seearch 
      </button>
    </div>
    <div
      class="col-md-7"
    >
      <h4>
         Results 
      </h4>
      <hr />
      <div
        class="alert alert-primary"
      >
        Search hero
      </div>
    </div>
  </div>
</div>
`;

exports[`Pruebas en <SearchPage /> debe de mostrarse correctamente los valores por defecto 1`] = `
<div>
  <h1>
     Search Hero 
  </h1>
  <hr />
  <div
    class="row"
  >
    <div
      class="col-md-5 mb-3"
    >
      <h4>
         Searching 
      </h4>
      <hr />
      <form>
        <input
          class="form-control"
          name="searchText"
          placeholder="Search ahero"
          type="text"
          value=""
        />
      </form>
      <button
        class="btn btn-outline-primary mt-2"
      >
         Seearch 
      </button>
    </div>
    <div
      class="col-md-7"
    >
      <h4>
         Results 
      </h4>
      <hr />
      <div
        class="alert alert-primary"
      >
        Search hero
      </div>
    </div>
  </div>
</div>
`;
